// Jest Snapshot v1, https://goo.gl/fbAQLP

exports[`VueTreeList renders correctly 1`] = `
<div class="vtl">
  <!---->
  <div class="">
    <div class="vtl">
      <div>
        <div class="vtl-border vtl-up"></div>
        <div id="1" draggable="false" class="vtl-tree-node vtl-drag-disabled"><span class="vtl-caret vtl-is-small"><i class="vtl-icon vtl-icon-caret-right"></i></span> <span><i class="vtl-icon vtl-menu-icon vtl-icon-folder"></i></span>
          <div class="vtl-node-content">
            Node 1
          </div>
          <div class="vtl-operation" style="display: none;">
            <!---->
            <!---->
            <!---->
            <!---->
          </div>
        </div>
        <!---->
      </div>
      <div class="vtl-tree-margin" style="display: none;">
        <div class="vtl">
          <div>
            <div class="vtl-border vtl-up"></div>
            <div id="2" draggable="true" class="vtl-tree-node">
              <!----> <span><i class="vtl-icon vtl-menu-icon vtl-icon-file"></i></span>
              <div class="vtl-node-content">
                Node 1-2
              </div>
              <div class="vtl-operation" style="display: none;">
                <!---->
                <!----> <span title="edit"><i class="vtl-icon vtl-icon-edit"></i></span> <span title="delete"><i class="vtl-icon vtl-icon-trash"></i></span></div>
            </div>
            <!---->
          </div>
          <!---->
        </div>
      </div>
    </div>
    <div class="vtl">
      <div>
        <div class="vtl-border vtl-up"></div>
        <div id="3" draggable="true" class="vtl-tree-node vtl-disabled">
          <!----> <span><i class="vtl-icon vtl-menu-icon vtl-icon-folder"></i></span>
          <div class="vtl-node-content">
            Node 2
          </div>
          <div class="vtl-operation" style="display: none;"><span title="add tree node"><i class="vtl-icon vtl-icon-folder-plus-e"></i></span> <span title="add leaf node"><i class="vtl-icon vtl-icon-plus"></i></span> <span title="edit"><i class="vtl-icon vtl-icon-edit"></i></span> <span title="delete"><i class="vtl-icon vtl-icon-trash"></i></span></div>
        </div>
        <!---->
      </div>
      <!---->
    </div>
    <div class="vtl">
      <div>
        <div class="vtl-border vtl-up"></div>
        <div id="4" draggable="true" class="vtl-tree-node">
          <!----> <span><i class="vtl-icon vtl-menu-icon vtl-icon-folder"></i></span>
          <div class="vtl-node-content">
            Node 3
          </div>
          <div class="vtl-operation" style="display: none;"><span title="add tree node"><i class="vtl-icon vtl-icon-folder-plus-e"></i></span> <span title="add leaf node"><i class="vtl-icon vtl-icon-plus"></i></span> <span title="edit"><i class="vtl-icon vtl-icon-edit"></i></span> <span title="delete"><i class="vtl-icon vtl-icon-trash"></i></span></div>
        </div>
        <!---->
      </div>
      <!---->
    </div>
  </div>
</div>
`;
